Importing plotly failed. Interactive plots will not work.
13:11:33 - cmdstanpy - INFO - Chain [1] start processing
13:11:36 - cmdstanpy - INFO - Chain [1] done processing
13:11:38 - cmdstanpy - INFO - Chain [1] start processing
13:11:40 - cmdstanpy - INFO - Chain [1] done processing
13:11:42 - cmdstanpy - INFO - Chain [1] start processing
13:11:43 - cmdstanpy - INFO - Chain [1] done processing
13:11:44 - cmdstanpy - INFO - Chain [1] start processing
13:11:46 - cmdstanpy - INFO - Chain [1] done processing
13:11:47 - cmdstanpy - INFO - Chain [1] start processing
13:11:49 - cmdstanpy - INFO - Chain [1] done processing
13:11:49 - cmdstanpy - INFO - Chain [1] start processing
13:11:51 - cmdstanpy - INFO - Chain [1] done processing
13:11:51 - cmdstanpy - INFO - Chain [1] start processing
13:11:54 - cmdstanpy - INFO - Chain [1] done processing
13:11:54 - cmdstanpy - INFO - Chain [1] start processing
13:11:56 - cmdstanpy - INFO - Chain [1] done processing
13:11:58 - cmdstanpy - INFO - Chain [1] start processing
13:12:00 - cmdstanpy - INFO - Chain [1] done processing
13:12:01 - cmdstanpy - INFO - Chain [1] start processing
13:12:03 - cmdstanpy - INFO - Chain [1] done processing
13:12:04 - cmdstanpy - INFO - Chain [1] start processing
13:12:06 - cmdstanpy - INFO - Chain [1] done processing
13:12:08 - cmdstanpy - INFO - Chain [1] start processing
13:12:09 - cmdstanpy - INFO - Chain [1] done processing
13:12:10 - cmdstanpy - INFO - Chain [1] start processing
13:12:11 - cmdstanpy - INFO - Chain [1] done processing
13:12:12 - cmdstanpy - INFO - Chain [1] start processing
13:12:14 - cmdstanpy - INFO - Chain [1] done processing
13:12:14 - cmdstanpy - INFO - Chain [1] start processing
13:12:15 - cmdstanpy - INFO - Chain [1] done processing
13:12:16 - cmdstanpy - INFO - Chain [1] start processing
13:12:17 - cmdstanpy - INFO - Chain [1] done processing
13:12:18 - cmdstanpy - INFO - Chain [1] start processing
13:12:20 - cmdstanpy - INFO - Chain [1] done processing
13:12:22 - cmdstanpy - INFO - Chain [1] start processing
13:12:24 - cmdstanpy - INFO - Chain [1] done processing
13:12:26 - cmdstanpy - INFO - Chain [1] start processing
13:12:26 - cmdstanpy - INFO - Chain [1] done processing
13:12:28 - cmdstanpy - INFO - Chain [1] start processing
13:12:30 - cmdstanpy - INFO - Chain [1] done processing
13:12:32 - cmdstanpy - INFO - Chain [1] start processing
13:12:34 - cmdstanpy - INFO - Chain [1] done processing
13:12:36 - cmdstanpy - INFO - Chain [1] start processing
13:12:37 - cmdstanpy - INFO - Chain [1] done processing
13:12:39 - cmdstanpy - INFO - Chain [1] start processing
13:12:41 - cmdstanpy - INFO - Chain [1] done processing
13:12:43 - cmdstanpy - INFO - Chain [1] start processing
13:12:44 - cmdstanpy - INFO - Chain [1] done processing
13:12:46 - cmdstanpy - INFO - Chain [1] start processing
13:12:48 - cmdstanpy - INFO - Chain [1] done processing
13:12:49 - cmdstanpy - INFO - Chain [1] start processing
13:12:51 - cmdstanpy - INFO - Chain [1] done processing
13:12:53 - cmdstanpy - INFO - Chain [1] start processing
13:12:54 - cmdstanpy - INFO - Chain [1] done processing
13:12:56 - cmdstanpy - INFO - Chain [1] start processing
13:12:58 - cmdstanpy - INFO - Chain [1] done processing
13:12:59 - cmdstanpy - INFO - Chain [1] start processing
13:13:01 - cmdstanpy - INFO - Chain [1] done processing
13:13:03 - cmdstanpy - INFO - Chain [1] start processing
13:13:04 - cmdstanpy - INFO - Chain [1] done processing
13:13:06 - cmdstanpy - INFO - Chain [1] start processing
13:13:08 - cmdstanpy - INFO - Chain [1] done processing
13:13:09 - cmdstanpy - INFO - Chain [1] start processing
13:13:11 - cmdstanpy - INFO - Chain [1] done processing
13:13:13 - cmdstanpy - INFO - Chain [1] start processing
13:13:15 - cmdstanpy - INFO - Chain [1] done processing
13:13:17 - cmdstanpy - INFO - Chain [1] start processing
13:13:19 - cmdstanpy - INFO - Chain [1] done processing
13:13:21 - cmdstanpy - INFO - Chain [1] start processing
13:13:23 - cmdstanpy - INFO - Chain [1] done processing
13:13:25 - cmdstanpy - INFO - Chain [1] start processing
13:13:28 - cmdstanpy - INFO - Chain [1] done processing
13:13:28 - cmdstanpy - INFO - Chain [1] start processing
13:13:30 - cmdstanpy - INFO - Chain [1] done processing
13:13:31 - cmdstanpy - INFO - Chain [1] start processing
13:13:32 - cmdstanpy - INFO - Chain [1] done processing
13:13:33 - cmdstanpy - INFO - Chain [1] start processing
13:13:35 - cmdstanpy - INFO - Chain [1] done processing
13:13:36 - cmdstanpy - INFO - Chain [1] start processing
13:13:38 - cmdstanpy - INFO - Chain [1] done processing
13:13:38 - cmdstanpy - INFO - Chain [1] start processing
13:13:40 - cmdstanpy - INFO - Chain [1] done processing
13:13:41 - cmdstanpy - INFO - Chain [1] start processing
13:13:42 - cmdstanpy - INFO - Chain [1] done processing
13:13:42 - cmdstanpy - INFO - Chain [1] start processing
13:13:44 - cmdstanpy - INFO - Chain [1] done processing
13:13:45 - cmdstanpy - INFO - Chain [1] start processing
13:13:47 - cmdstanpy - INFO - Chain [1] done processing
13:13:48 - cmdstanpy - INFO - Chain [1] start processing
13:13:50 - cmdstanpy - INFO - Chain [1] done processing
13:13:50 - cmdstanpy - INFO - Chain [1] start processing
13:13:52 - cmdstanpy - INFO - Chain [1] done processing
13:13:53 - cmdstanpy - INFO - Chain [1] start processing
13:13:55 - cmdstanpy - INFO - Chain [1] done processing
13:13:55 - cmdstanpy - INFO - Chain [1] start processing
13:13:57 - cmdstanpy - INFO - Chain [1] done processing
13:13:58 - cmdstanpy - INFO - Chain [1] start processing
13:13:59 - cmdstanpy - INFO - Chain [1] done processing
13:14:00 - cmdstanpy - INFO - Chain [1] start processing
13:14:02 - cmdstanpy - INFO - Chain [1] done processing
13:14:02 - cmdstanpy - INFO - Chain [1] start processing
13:14:04 - cmdstanpy - INFO - Chain [1] done processing
13:14:04 - cmdstanpy - INFO - Chain [1] start processing
13:14:06 - cmdstanpy - INFO - Chain [1] done processing
13:14:07 - cmdstanpy - INFO - Chain [1] start processing
13:14:08 - cmdstanpy - INFO - Chain [1] done processing
13:14:09 - cmdstanpy - INFO - Chain [1] start processing
13:14:11 - cmdstanpy - INFO - Chain [1] done processing
13:14:11 - cmdstanpy - INFO - Chain [1] start processing
13:14:13 - cmdstanpy - INFO - Chain [1] done processing
13:14:15 - cmdstanpy - INFO - Chain [1] start processing
13:14:16 - cmdstanpy - INFO - Chain [1] done processing
13:14:18 - cmdstanpy - INFO - Chain [1] start processing
13:14:19 - cmdstanpy - INFO - Chain [1] done processing
13:14:21 - cmdstanpy - INFO - Chain [1] start processing
13:14:22 - cmdstanpy - INFO - Chain [1] done processing
13:14:24 - cmdstanpy - INFO - Chain [1] start processing
13:14:26 - cmdstanpy - INFO - Chain [1] done processing
13:14:28 - cmdstanpy - INFO - Chain [1] start processing
13:14:29 - cmdstanpy - INFO - Chain [1] done processing
13:14:31 - cmdstanpy - INFO - Chain [1] start processing
13:14:32 - cmdstanpy - INFO - Chain [1] done processing
13:14:34 - cmdstanpy - INFO - Chain [1] start processing
13:14:36 - cmdstanpy - INFO - Chain [1] done processing
13:14:37 - cmdstanpy - INFO - Chain [1] start processing
13:14:40 - cmdstanpy - INFO - Chain [1] done processing
13:14:41 - cmdstanpy - INFO - Chain [1] start processing
13:14:43 - cmdstanpy - INFO - Chain [1] done processing
13:14:45 - cmdstanpy - INFO - Chain [1] start processing
13:14:47 - cmdstanpy - INFO - Chain [1] done processing
13:14:48 - cmdstanpy - INFO - Chain [1] start processing
13:14:49 - cmdstanpy - INFO - Chain [1] done processing
13:14:49 - cmdstanpy - INFO - Chain [1] start processing
13:14:50 - cmdstanpy - INFO - Chain [1] done processing
13:14:51 - cmdstanpy - INFO - Chain [1] start processing
13:14:52 - cmdstanpy - INFO - Chain [1] done processing
13:14:53 - cmdstanpy - INFO - Chain [1] start processing
13:14:55 - cmdstanpy - INFO - Chain [1] done processing
13:14:55 - cmdstanpy - INFO - Chain [1] start processing
13:14:57 - cmdstanpy - INFO - Chain [1] done processing
13:14:58 - cmdstanpy - INFO - Chain [1] start processing
13:14:59 - cmdstanpy - INFO - Chain [1] done processing
13:15:00 - cmdstanpy - INFO - Chain [1] start processing
13:15:01 - cmdstanpy - INFO - Chain [1] done processing
13:15:02 - cmdstanpy - INFO - Chain [1] start processing
13:15:04 - cmdstanpy - INFO - Chain [1] done processing
13:15:04 - cmdstanpy - INFO - Chain [1] start processing
13:15:05 - cmdstanpy - INFO - Chain [1] done processing
13:15:06 - cmdstanpy - INFO - Chain [1] start processing
13:15:07 - cmdstanpy - INFO - Chain [1] done processing
13:15:08 - cmdstanpy - INFO - Chain [1] start processing
13:15:10 - cmdstanpy - INFO - Chain [1] done processing
13:15:10 - cmdstanpy - INFO - Chain [1] start processing
13:15:12 - cmdstanpy - INFO - Chain [1] done processing
13:15:12 - cmdstanpy - INFO - Chain [1] start processing
13:15:13 - cmdstanpy - INFO - Chain [1] done processing
13:15:14 - cmdstanpy - INFO - Chain [1] start processing
13:15:16 - cmdstanpy - INFO - Chain [1] done processing
13:15:16 - cmdstanpy - INFO - Chain [1] start processing
13:15:18 - cmdstanpy - INFO - Chain [1] done processing
13:15:18 - cmdstanpy - INFO - Chain [1] start processing
13:15:20 - cmdstanpy - INFO - Chain [1] done processing
13:15:20 - cmdstanpy - INFO - Chain [1] start processing
13:15:23 - cmdstanpy - INFO - Chain [1] done processing
13:15:23 - cmdstanpy - INFO - Chain [1] start processing
13:15:24 - cmdstanpy - INFO - Chain [1] done processing
13:15:25 - cmdstanpy - INFO - Chain [1] start processing
13:15:26 - cmdstanpy - INFO - Chain [1] done processing
13:15:27 - cmdstanpy - INFO - Chain [1] start processing
13:15:29 - cmdstanpy - INFO - Chain [1] done processing
13:15:29 - cmdstanpy - INFO - Chain [1] start processing
13:15:31 - cmdstanpy - INFO - Chain [1] done processing
13:15:31 - cmdstanpy - INFO - Chain [1] start processing
13:15:32 - cmdstanpy - INFO - Chain [1] done processing
13:15:33 - cmdstanpy - INFO - Chain [1] start processing
13:15:35 - cmdstanpy - INFO - Chain [1] done processing
13:15:35 - cmdstanpy - INFO - Chain [1] start processing
13:15:37 - cmdstanpy - INFO - Chain [1] done processing
13:15:37 - cmdstanpy - INFO - Chain [1] start processing
13:15:39 - cmdstanpy - INFO - Chain [1] done processing
13:15:39 - cmdstanpy - INFO - Chain [1] start processing
13:15:41 - cmdstanpy - INFO - Chain [1] done processing
13:15:42 - cmdstanpy - INFO - Chain [1] start processing
13:15:43 - cmdstanpy - INFO - Chain [1] done processing
13:15:45 - cmdstanpy - INFO - Chain [1] start processing
13:15:46 - cmdstanpy - INFO - Chain [1] done processing
13:15:48 - cmdstanpy - INFO - Chain [1] start processing
13:15:50 - cmdstanpy - INFO - Chain [1] done processing
13:15:52 - cmdstanpy - INFO - Chain [1] start processing
13:15:53 - cmdstanpy - INFO - Chain [1] done processing
13:15:55 - cmdstanpy - INFO - Chain [1] start processing
13:15:57 - cmdstanpy - INFO - Chain [1] done processing
[  1/24] chan=0.05,seas=10.0,year=20,chan=0.85,reg=none | ph=   1,253,766  y22=   1,480,492  geo=   1,362,421
[  2/24] chan=0.05,seas=10.0,year=20,chan=0.85,reg=promo+is_an | ph=   1,250,057  y22=   1,470,522  geo=   1,355,816
[  3/24] chan=0.05,seas=10.0,year=20,chan=0.95,reg=none | ph=   2,509,965  y22=   1,578,848  geo=   1,990,691
[  4/24] chan=0.05,seas=10.0,year=20,chan=0.95,reg=promo+is_an | ph=   2,733,437  y22=   1,559,052  geo=   2,064,357
[  5/24] chan=0.05,seas=30.0,year=20,chan=0.85,reg=none | ph=   1,259,262  y22=   1,485,507  geo=   1,367,714
[  6/24] chan=0.05,seas=30.0,year=20,chan=0.85,reg=promo+is_an | ph=   1,248,875  y22=   1,469,179  geo=   1,354,555
[  7/24] chan=0.05,seas=30.0,year=20,chan=0.95,reg=none | ph=   2,646,025  y22=   1,596,909  geo=   2,055,593
[  8/24] chan=0.05,seas=30.0,year=20,chan=0.95,reg=promo+is_an | ph=   2,545,950  y22=   1,619,787  geo=   2,030,738
[  9/24] chan=0.1,seas=10.0,year=20,chan=0.85,reg=none | ph=   1,256,673  y22=   1,485,031  geo=   1,366,088
[ 10/24] chan=0.1,seas=10.0,year=20,chan=0.85,reg=promo+is_an | ph=   1,250,852  y22=   1,464,449  geo=   1,353,443
[ 11/24] chan=0.1,seas=10.0,year=20,chan=0.95,reg=none | ph=   3,264,923  y22=   1,596,568  geo=   2,283,127
[ 12/24] chan=0.1,seas=10.0,year=20,chan=0.95,reg=promo+is_an | ph=   3,308,156  y22=   1,612,843  geo=   2,309,878
[ 13/24] chan=0.1,seas=30.0,year=20,chan=0.85,reg=none | ph=   1,256,783  y22=   1,485,937  geo=   1,366,565
[ 14/24] chan=0.1,seas=30.0,year=20,chan=0.85,reg=promo+is_an | ph=   1,252,877  y22=   1,470,104  geo=   1,357,151
[ 15/24] chan=0.1,seas=30.0,year=20,chan=0.95,reg=none | ph=   3,138,580  y22=   1,569,888  geo=   2,219,734
[ 16/24] chan=0.1,seas=30.0,year=20,chan=0.95,reg=promo+is_an | ph=   3,398,951  y22=   1,613,718  geo=   2,341,997
[ 17/24] chan=0.25,seas=10.0,year=20,chan=0.85,reg=none | ph=   1,254,634  y22=   1,484,381  geo=   1,364,681
[ 18/24] chan=0.25,seas=10.0,year=20,chan=0.85,reg=promo+is_an | ph=   1,252,890  y22=   1,462,490  geo=   1,353,640
[ 19/24] chan=0.25,seas=10.0,year=20,chan=0.95,reg=none | ph=   3,641,491  y22=   1,502,492  geo=   2,339,083
[ 20/24] chan=0.25,seas=10.0,year=20,chan=0.95,reg=promo+is_an | ph=   3,497,928  y22=   1,533,164  geo=   2,315,793
[ 21/24] chan=0.25,seas=30.0,year=20,chan=0.85,reg=none | ph=   1,256,553  y22=   1,485,015  geo=   1,366,016
[ 22/24] chan=0.25,seas=30.0,year=20,chan=0.85,reg=promo+is_an | ph=   1,253,832  y22=   1,465,758  geo=   1,355,660
[ 23/24] chan=0.25,seas=30.0,year=20,chan=0.95,reg=none | ph=   3,328,501  y22=   1,502,180  geo=   2,236,069
[ 24/24] chan=0.25,seas=30.0,year=20,chan=0.95,reg=promo+is_an | ph=   3,428,911  y22=   1,540,129  geo=   2,298,036

Elapsed: 4.4 min, valid 24/24

===== TOP 10 by geo(ph_total, y22_total) =====
  geo=   1,353,443  ph=   1,250,852  y22=   1,464,449  | chan=0.1,seas=10.0,year=20,chan=0.85,reg=promo+is_an
  geo=   1,353,640  ph=   1,252,890  y22=   1,462,490  | chan=0.25,seas=10.0,year=20,chan=0.85,reg=promo+is_an
  geo=   1,354,555  ph=   1,248,875  y22=   1,469,179  | chan=0.05,seas=30.0,year=20,chan=0.85,reg=promo+is_an
  geo=   1,355,660  ph=   1,253,832  y22=   1,465,758  | chan=0.25,seas=30.0,year=20,chan=0.85,reg=promo+is_an
  geo=   1,355,816  ph=   1,250,057  y22=   1,470,522  | chan=0.05,seas=10.0,year=20,chan=0.85,reg=promo+is_an
  geo=   1,357,151  ph=   1,252,877  y22=   1,470,104  | chan=0.1,seas=30.0,year=20,chan=0.85,reg=promo+is_an
  geo=   1,362,421  ph=   1,253,766  y22=   1,480,492  | chan=0.05,seas=10.0,year=20,chan=0.85,reg=none
  geo=   1,364,681  ph=   1,254,634  y22=   1,484,381  | chan=0.25,seas=10.0,year=20,chan=0.85,reg=none
  geo=   1,366,016  ph=   1,256,553  y22=   1,485,015  | chan=0.25,seas=30.0,year=20,chan=0.85,reg=none
  geo=   1,366,088  ph=   1,256,673  y22=   1,485,031  | chan=0.1,seas=10.0,year=20,chan=0.85,reg=none

Best config:
  {'changepoint_prior_scale': 0.1, 'seasonality_prior_scale': 10.0, 'yearly_seasonality': 20, 'changepoint_range': 0.85}
  regressors = ['promo_active_count', 'is_anomaly_day']
Saved best to D:\Duy\Docs\Datathon\model\reports\prophet_best.txt
